// Jest Snapshot v1, https://goo.gl/fbAQLP

exports[`Testings component render Testings components  1`] = `
<input
  placeholder="input text.."
  type="text"
  value=""
/>
`;
